Contact #1

Name : LincolnEllis
Phone Number : 083748615920
-------------------------

Contact #2

Name : HazelBarnes
Phone Number : 083820974156
-------------------------

Contact #3

Name : ConnorFranklin
Phone Number : 083950218764
-------------------------

Contact #4

Name : LucyScott
Phone Number : 083681940572
-------------------------

